Archive member included to satisfy reference by file (symbol)

/Users/daymoon/Documents/workspace/stm32f10x_peripheral_lib/Debug/libstm32f10x_peripheral_lib.a(stm32f10x_dma.o)
                              src/camera.o (DMA_DeInit)
/Users/daymoon/Documents/workspace/stm32f10x_peripheral_lib/Debug/libstm32f10x_peripheral_lib.a(stm32f10x_gpio.o)
                              src/camera.o (GPIO_Init)
/Users/daymoon/Documents/workspace/stm32f10x_peripheral_lib/Debug/libstm32f10x_peripheral_lib.a(stm32f10x_i2c.o)
                              src/i2c.o (I2C_Init)
/Users/daymoon/Documents/workspace/stm32f10x_peripheral_lib/Debug/libstm32f10x_peripheral_lib.a(stm32f10x_rcc.o)
                              /Users/daymoon/Documents/workspace/stm32f10x_peripheral_lib/Debug/libstm32f10x_peripheral_lib.a(stm32f10x_i2c.o) (RCC_GetClocksFreq)
/Users/daymoon/Documents/workspace/stm32f10x_peripheral_lib/Debug/libstm32f10x_peripheral_lib.a(stm32f10x_spi.o)
                              src/spi.o (SPI_I2S_DeInit)
/Users/daymoon/Documents/workspace/stm32f10x_peripheral_lib/Debug/libstm32f10x_peripheral_lib.a(stm32f10x_tim.o)
                              src/timer.o (TIM_TimeBaseInit)
/Applications/Ac6/SystemWorkbench.app/Contents/Eclipse/plugins/fr.ac6.mcu.externaltools.arm-none.macos64_1.17.0.201812190825/tools/compiler/bin/../lib/gcc/arm-none-eabi/7.3.1/../../../../arm-none-eabi/lib/thumb/v7-m/libc.a(lib_a-errno.o)
                              startup/sysmem.o (__errno)
/Applications/Ac6/SystemWorkbench.app/Contents/Eclipse/plugins/fr.ac6.mcu.externaltools.arm-none.macos64_1.17.0.201812190825/tools/compiler/bin/../lib/gcc/arm-none-eabi/7.3.1/../../../../arm-none-eabi/lib/thumb/v7-m/libc.a(lib_a-exit.o)
                              /Applications/Ac6/SystemWorkbench.app/Contents/Eclipse/plugins/fr.ac6.mcu.externaltools.arm-none.macos64_1.17.0.201812190825/tools/compiler/bin/../lib/gcc/arm-none-eabi/7.3.1/../../../../arm-none-eabi/lib/thumb/v7-m/crt0.o (exit)
/Applications/Ac6/SystemWorkbench.app/Contents/Eclipse/plugins/fr.ac6.mcu.externaltools.arm-none.macos64_1.17.0.201812190825/tools/compiler/bin/../lib/gcc/arm-none-eabi/7.3.1/../../../../arm-none-eabi/lib/thumb/v7-m/libc.a(lib_a-impure.o)
                              /Applications/Ac6/SystemWorkbench.app/Contents/Eclipse/plugins/fr.ac6.mcu.externaltools.arm-none.macos64_1.17.0.201812190825/tools/compiler/bin/../lib/gcc/arm-none-eabi/7.3.1/../../../../arm-none-eabi/lib/thumb/v7-m/libc.a(lib_a-exit.o) (_global_impure_ptr)
/Applications/Ac6/SystemWorkbench.app/Contents/Eclipse/plugins/fr.ac6.mcu.externaltools.arm-none.macos64_1.17.0.201812190825/tools/compiler/bin/../lib/gcc/arm-none-eabi/7.3.1/../../../../arm-none-eabi/lib/thumb/v7-m/libc.a(lib_a-init.o)
                              /Applications/Ac6/SystemWorkbench.app/Contents/Eclipse/plugins/fr.ac6.mcu.externaltools.arm-none.macos64_1.17.0.201812190825/tools/compiler/bin/../lib/gcc/arm-none-eabi/7.3.1/../../../../arm-none-eabi/lib/thumb/v7-m/crt0.o (__libc_init_array)
/Applications/Ac6/SystemWorkbench.app/Contents/Eclipse/plugins/fr.ac6.mcu.externaltools.arm-none.macos64_1.17.0.201812190825/tools/compiler/bin/../lib/gcc/arm-none-eabi/7.3.1/../../../../arm-none-eabi/lib/thumb/v7-m/libc.a(lib_a-memset.o)
                              /Applications/Ac6/SystemWorkbench.app/Contents/Eclipse/plugins/fr.ac6.mcu.externaltools.arm-none.macos64_1.17.0.201812190825/tools/compiler/bin/../lib/gcc/arm-none-eabi/7.3.1/../../../../arm-none-eabi/lib/thumb/v7-m/crt0.o (memset)
/Applications/Ac6/SystemWorkbench.app/Contents/Eclipse/plugins/fr.ac6.mcu.externaltools.arm-none.macos64_1.17.0.201812190825/tools/compiler/bin/../lib/gcc/arm-none-eabi/7.3.1/../../../../arm-none-eabi/lib/thumb/v7-m/libc.a(lib_a-strlen-stub.o)
                              src/ili9341.o (strlen)
/Applications/Ac6/SystemWorkbench.app/Contents/Eclipse/plugins/fr.ac6.mcu.externaltools.arm-none.macos64_1.17.0.201812190825/tools/compiler/bin/../lib/gcc/arm-none-eabi/7.3.1/../../../../arm-none-eabi/lib/thumb/v7-m/libc.a(lib_a-__call_atexit.o)
                              /Applications/Ac6/SystemWorkbench.app/Contents/Eclipse/plugins/fr.ac6.mcu.externaltools.arm-none.macos64_1.17.0.201812190825/tools/compiler/bin/../lib/gcc/arm-none-eabi/7.3.1/../../../../arm-none-eabi/lib/thumb/v7-m/libc.a(lib_a-exit.o) (__call_exitprocs)
/Applications/Ac6/SystemWorkbench.app/Contents/Eclipse/plugins/fr.ac6.mcu.externaltools.arm-none.macos64_1.17.0.201812190825/tools/compiler/bin/../lib/gcc/arm-none-eabi/7.3.1/../../../../arm-none-eabi/lib/thumb/v7-m/libc.a(lib_a-atexit.o)
                              /Applications/Ac6/SystemWorkbench.app/Contents/Eclipse/plugins/fr.ac6.mcu.externaltools.arm-none.macos64_1.17.0.201812190825/tools/compiler/bin/../lib/gcc/arm-none-eabi/7.3.1/../../../../arm-none-eabi/lib/thumb/v7-m/libc.a(lib_a-__call_atexit.o) (atexit)
[...]
Memory Configuration

Name             Origin             Length             Attributes
RAM              0x0000000020000000 0x0000000000005000 xrw
ROM              0x0000000008000000 0x0000000000010000 xr
*default*        0x0000000000000000 0xffffffffffffffff

Linker script and memory map

LOAD /Applications/Ac6/SystemWorkbench.app/Contents/Eclipse/plugins/fr.ac6.mcu.externaltools.arm-none.macos64_1.17.0.201812190825/tools/compiler/bin/../lib/gcc/arm-none-eabi/7.3.1/thumb/v7-m/crti.o
LOAD /Applications/Ac6/SystemWorkbench.app/Contents/Eclipse/plugins/fr.ac6.mcu.externaltools.arm-none.macos64_1.17.0.201812190825/tools/compiler/bin/../lib/gcc/arm-none-eabi/7.3.1/thumb/v7-m/crtbegin.o
LOAD /Applications/Ac6/SystemWorkbench.app/Contents/Eclipse/plugins/fr.ac6.mcu.externaltools.arm-none.macos64_1.17.0.201812190825/tools/compiler/bin/../lib/gcc/arm-none-eabi/7.3.1/../../../../arm-none-eabi/lib/thumb/v7-m/crt0.o
LOAD src/camera.o
LOAD src/delay.o
LOAD src/gpio.o
LOAD src/i2c.o
LOAD src/ili9341.o
LOAD src/leds.o
LOAD src/main.o
LOAD src/mcuperipherals.o
LOAD src/ov7670.o
LOAD src/scheduler.o
LOAD src/services.o
LOAD src/spi.o
LOAD src/stm32f10x_it.o
LOAD src/system_stm32f10x.o
LOAD src/timer.o
LOAD startup/startup_stm32.o
LOAD startup/sysmem.o
LOAD /Users/daymoon/Documents/workspace/stm32f10x_peripheral_lib/Debug/libstm32f10x_peripheral_lib.a
LOAD /Applications/Ac6/SystemWorkbench.app/Contents/Eclipse/plugins/fr.ac6.mcu.externaltools.arm-none.macos64_1.17.0.201812190825/tools/compiler/bin/../lib/gcc/arm-none-eabi/7.3.1/../../../../arm-none-eabi/lib/thumb/v7-m/libm.a
START GROUP
LOAD /Applications/Ac6/SystemWorkbench.app/Contents/Eclipse/plugins/fr.ac6.mcu.externaltools.arm-none.macos64_1.17.0.201812190825/tools/compiler/bin/../lib/gcc/arm-none-eabi/7.3.1/thumb/v7-m/libgcc.a
LOAD /Applications/Ac6/SystemWorkbench.app/Contents/Eclipse/plugins/fr.ac6.mcu.externaltools.arm-none.macos64_1.17.0.201812190825/tools/compiler/bin/../lib/gcc/arm-none-eabi/7.3.1/../../../../arm-none-eabi/lib/thumb/v7-m/libc.a
END GROUP
LOAD /Applications/Ac6/SystemWorkbench.app/Contents/Eclipse/plugins/fr.ac6.mcu.externaltools.arm-none.macos64_1.17.0.201812190825/tools/compiler/bin/../lib/gcc/arm-none-eabi/7.3.1/thumb/v7-m/crtend.o
LOAD /Applications/Ac6/SystemWorkbench.app/Contents/Eclipse/plugins/fr.ac6.mcu.externaltools.arm-none.macos64_1.17.0.201812190825/tools/compiler/bin/../lib/gcc/arm-none-eabi/7.3.1/thumb/v7-m/crtn.o
                0x0000000020005000                _estack = 0x20005000
                0x0000000000000000                _Min_Heap_Size = 0x0
                0x0000000000000400                _Min_Stack_Size = 0x400

.isr_vector     0x0000000008000000      0x130
                0x0000000008000000                . = ALIGN (0x4)
 *(.isr_vector)
 .isr_vector    0x0000000008000000      0x130 startup/startup_stm32.o
                0x0000000008000000                g_pfnVectors
                0x0000000008000130                . = ALIGN (0x4)

.text           0x0000000008000130     0x3724
                0x0000000008000130                . = ALIGN (0x4)
 *(.text)
 .text          0x0000000008000130       0x40 /Applications/Ac6/SystemWorkbench.app/Contents/Eclipse/plugins/fr.ac6.mcu.externaltools.arm-none.macos64_1.17.0.201812190825/tools/compiler/bin/../lib/gcc/arm-none-eabi/7.3.1/thumb/v7-m/crtbegin.o
 *(.text*)
 .text.camera_ReadReg
                0x0000000008000170       0x58 src/camera.o
                0x0000000008000170                camera_ReadReg
 .text.camera_WriteReg
                0x00000000080001c8       0x44 src/camera.o
                0x00000000080001c8                camera_WriteReg
 .text.camera_config
                0x000000000800020c      0x200 src/camera.o
                0x000000000800020c                camera_config
 .text.delay_ms
                0x000000000800040c       0x2c src/delay.o
                0x000000000800040c                delay_ms
 .text.Set_Delay_finished
                0x0000000008000438        0xc src/delay.o
                0x0000000008000438                Set_Delay_finished
 .text.gpio_init
                0x0000000008000444       0x58 src/gpio.o
                0x0000000008000444                gpio_init
 .text.i2c_init
                0x000000000800049c       0x94 src/i2c.o
                0x000000000800049c                i2c_init
 .text.I2C_start
                0x0000000008000530       0x68 src/i2c.o
                0x0000000008000530                I2C_start
 .text.I2C_write
                0x0000000008000598       0x1c src/i2c.o
                0x0000000008000598                I2C_write
 .text.I2C_read_nack
                0x00000000080005b4       0x30 src/i2c.o
                0x00000000080005b4                I2C_read_nack
 .text.I2C_stop
                0x00000000080005e4        0x8 src/i2c.o
                0x00000000080005e4                I2C_stop
 .text.ili_display_clear
                0x00000000080005ec      0x180 src/ili9341.o
                0x00000000080005ec                ili_display_clear
 .text.ili_draw_line
                0x000000000800076c      0x3b8 src/ili9341.o
                0x000000000800076c                ili_draw_line
 .text.lcd_config
                0x0000000008000b24     0x108c src/ili9341.o
                0x0000000008000b24                lcd_config
 .text.CS_low   0x0000000008001bb0       0x10 src/ili9341.o
                0x0000000008001bb0                CS_low
 .text.DC_data  0x0000000008001bc0       0x10 src/ili9341.o
                0x0000000008001bc0                DC_data
 .text.send_instruction
                0x0000000008001bd0       0x3c src/ili9341.o
                0x0000000008001bd0                send_instruction
 .text.send_data16
                0x0000000008001c0c       0x3c src/ili9341.o
                0x0000000008001c0c                send_data16
 .text.leds_config
                0x0000000008001c48       0x10 src/leds.o
                0x0000000008001c48                leds_config
 .text.startup.main
                0x0000000008001c58       0x20 src/main.o
                0x0000000008001c58                main
 .text.assert_failed
                0x0000000008001c78        0x4 src/main.o
                0x0000000008001c78                assert_failed
 .text.mcuperipherals_init
                0x0000000008001c7c       0x18 src/mcuperipherals.o
                0x0000000008001c7c                mcuperipherals_init
 .text.ov7670_setColorSpace
                0x0000000008001c94      0x114 src/ov7670.o
                0x0000000008001c94                ov7670_setColorSpace
 .text.ov7670_setRes
                0x0000000008001da8      0x11c src/ov7670.o
                0x0000000008001da8                ov7670_setRes
 .text.ov7670_init
                0x0000000008001ec4       0x70 src/ov7670.o
                0x0000000008001ec4                ov7670_init
 .text.Scheduler_init
                0x0000000008001f34       0x50 src/scheduler.o
                0x0000000008001f34                Scheduler_init
 .text.Scheduler_start
                0x0000000008001f84        0x4 src/scheduler.o
                0x0000000008001f84                Scheduler_start
 .text.Scheduler_Dispatch_Tasks
                0x0000000008001f88       0x30 src/scheduler.o
                0x0000000008001f88                Scheduler_Dispatch_Tasks
 .text.Scheduler_Add_Task
                0x0000000008001fb8       0x3c src/scheduler.o
                0x0000000008001fb8                Scheduler_Add_Task
 .text.Run_scheduler
                0x0000000008001ff4       0x38 src/scheduler.o
                0x0000000008001ff4                Run_scheduler
 .text.LED_service
                0x000000000800202c       0x28 src/services.o
                0x000000000800202c                LED_service
 .text.Delay_service
                0x0000000008002054        0x8 src/services.o
                0x0000000008002054                Delay_service
 .text.spi_init
                0x000000000800205c       0x80 src/spi.o
                0x000000000800205c                spi_init
 .text.SPI_Write8
                0x00000000080020dc       0x18 src/spi.o
                0x00000000080020dc                SPI_Write8
 .text.SPI_Write16
                0x00000000080020f4       0x28 src/spi.o
                0x00000000080020f4                SPI_Write16
 .text.NMI_Handler
                0x000000000800211c        0x4 src/stm32f10x_it.o
                0x000000000800211c                NMI_Handler
 .text.HardFault_Handler
                0x0000000008002120        0x4 src/stm32f10x_it.o
                0x0000000008002120                HardFault_Handler
 .text.MemManage_Handler
                0x0000000008002124        0x4 src/stm32f10x_it.o
                0x0000000008002124                MemManage_Handler
 .text.BusFault_Handler
                0x0000000008002128        0x4 src/stm32f10x_it.o
                0x0000000008002128                BusFault_Handler
 .text.UsageFault_Handler
                0x000000000800212c        0x4 src/stm32f10x_it.o
                0x000000000800212c                UsageFault_Handler
 .text.SVC_Handler
                0x0000000008002130        0x4 src/stm32f10x_it.o
                0x0000000008002130                SVC_Handler
 .text.DebugMon_Handler
                0x0000000008002134        0x4 src/stm32f10x_it.o
                0x0000000008002134                DebugMon_Handler
 .text.PendSV_Handler
                0x0000000008002138        0x4 src/stm32f10x_it.o
                0x0000000008002138                PendSV_Handler
 .text.SysTick_Handler
                0x000000000800213c        0x4 src/stm32f10x_it.o
                0x000000000800213c                SysTick_Handler
 .text.SystemInit
                0x0000000008002140      0x104 src/system_stm32f10x.o
                0x0000000008002140                SystemInit
 .text.timer_timebase_init
                0x0000000008002244       0x98 src/timer.o
                0x0000000008002244                timer_timebase_init
 .text.Reset_Handler
                0x00000000080022dc       0x50 startup/startup_stm32.o
                0x00000000080022dc                Reset_Handler
 .text.Default_Handler
                0x000000000800232c        0x2 startup/startup_stm32.o
                0x000000000800232c                DMA2_Channel3_IRQHandler
                0x000000000800232c                TIM8_TRG_COM_IRQHandler
                0x000000000800232c                TIM8_CC_IRQHandler
                0x000000000800232c                TIM1_CC_IRQHandler
                0x000000000800232c                TIM6_IRQHandler
                0x000000000800232c                PVD_IRQHandler
                0x000000000800232c                SDIO_IRQHandler
                0x000000000800232c                EXTI3_IRQHandler
                0x000000000800232c                USB_HP_CAN_TX_IRQHandler
                0x000000000800232c                EXTI0_IRQHandler
                0x000000000800232c                I2C2_EV_IRQHandler
                0x000000000800232c                ADC1_2_IRQHandler
                0x000000000800232c                SPI1_IRQHandler
                0x000000000800232c                CAN_SCE_IRQHandler
                0x000000000800232c                TAMPER_IRQHandler
                0x000000000800232c                TIM8_UP_IRQHandler
                0x000000000800232c                DMA2_Channel2_IRQHandler
                0x000000000800232c                DMA1_Channel4_IRQHandler
                0x000000000800232c                USART3_IRQHandler
                0x000000000800232c                RTC_IRQHandler
                0x000000000800232c                DMA1_Channel7_IRQHandler
                0x000000000800232c                UART5_IRQHandler
                0x000000000800232c                ADC3_IRQHandler
                0x000000000800232c                TIM4_IRQHandler
                0x000000000800232c                CAN_RX1_IRQHandler
                0x000000000800232c                DMA2_Channel1_IRQHandler
                0x000000000800232c                I2C1_EV_IRQHandler
                0x000000000800232c                DMA1_Channel6_IRQHandler
                0x000000000800232c                UART4_IRQHandler
                0x000000000800232c                TIM3_IRQHandler
                0x000000000800232c                RCC_IRQHandler
                0x000000000800232c                TIM1_TRG_COM_IRQHandler
                0x000000000800232c                DMA1_Channel1_IRQHandler
                0x000000000800232c                Default_Handler
                0x000000000800232c                EXTI15_10_IRQHandler
                0x000000000800232c                TIM7_IRQHandler
                0x000000000800232c                TIM5_IRQHandler
                0x000000000800232c                EXTI9_5_IRQHandler
                0x000000000800232c                SPI2_IRQHandler
                0x000000000800232c                USB_LP_CAN_RX0_IRQHandler
                0x000000000800232c                DMA1_Channel5_IRQHandler
                0x000000000800232c                EXTI4_IRQHandler
                0x000000000800232c                DMA1_Channel3_IRQHandler
                0x000000000800232c                FSMC_IRQHandler
                0x000000000800232c                TIM1_UP_IRQHandler
                0x000000000800232c                WWDG_IRQHandler
                0x000000000800232c                TIM2_IRQHandler
                0x000000000800232c                TIM1_BRK_IRQHandler
                0x000000000800232c                EXTI1_IRQHandler
                0x000000000800232c                RTCAlarm_IRQHandler
                0x000000000800232c                DMA2_Channel4_5_IRQHandler
                0x000000000800232c                USART2_IRQHandler
                0x000000000800232c                I2C2_ER_IRQHandler
                0x000000000800232c                DMA1_Channel2_IRQHandler
                0x000000000800232c                TIM8_BRK_IRQHandler
                0x000000000800232c                FLASH_IRQHandler
                0x000000000800232c                USART1_IRQHandler
                0x000000000800232c                SPI3_IRQHandler
                0x000000000800232c                I2C1_ER_IRQHandler
                0x000000000800232c                EXTI2_IRQHandler
 *fill*         0x000000000800232e        0x2 
 .text.DMA_DeInit
                0x0000000008002330      0x150 /Users/daymoon/Documents/workspace/stm32f10x_peripheral_lib/Debug/libstm32f10x_peripheral_lib.a(stm32f10x_dma.o)
                0x0000000008002330                DMA_DeInit
 .text.DMA_Init
                0x0000000008002480      0x13c /Users/daymoon/Documents/workspace/stm32f10x_peripheral_lib/Debug/libstm32f10x_peripheral_lib.a(stm32f10x_dma.o)
                0x0000000008002480                DMA_Init
 .text.DMA_GetFlagStatus
                0x00000000080025bc       0xc4 /Users/daymoon/Documents/workspace/stm32f10x_peripheral_lib/Debug/libstm32f10x_peripheral_lib.a(stm32f10x_dma.o)
                0x00000000080025bc                DMA_GetFlagStatus
 .text.DMA_ClearFlag
                0x0000000008002680       0x3c /Users/daymoon/Documents/workspace/stm32f10x_peripheral_lib/Debug/libstm32f10x_peripheral_lib.a(stm32f10x_dma.o)
                0x0000000008002680                DMA_ClearFlag
 .text.GPIO_Init
                0x00000000080026bc      0x134 /Users/daymoon/Documents/workspace/stm32f10x_peripheral_lib/Debug/libstm32f10x_peripheral_lib.a(stm32f10x_gpio.o)
                0x00000000080026bc                GPIO_Init
 .text.GPIO_ReadOutputData
                0x00000000080027f0       0x54 /Users/daymoon/Documents/workspace/stm32f10x_peripheral_lib/Debug/libstm32f10x_peripheral_lib.a(stm32f10x_gpio.o)
                0x00000000080027f0                GPIO_ReadOutputData
 .text.GPIO_SetBits
                0x0000000008002844       0x60 /Users/daymoon/Documents/workspace/stm32f10x_peripheral_lib/Debug/libstm32f10x_peripheral_lib.a(stm32f10x_gpio.o)
                0x0000000008002844                GPIO_SetBits
 .text.GPIO_ResetBits
                0x00000000080028a4       0x60 /Users/daymoon/Documents/workspace/stm32f10x_peripheral_lib/Debug/libstm32f10x_peripheral_lib.a(stm32f10x_gpio.o)
                0x00000000080028a4                GPIO_ResetBits
 .text.I2C_Init
                0x0000000008002904      0x15c /Users/daymoon/Documents/workspace/stm32f10x_peripheral_lib/Debug/libstm32f10x_peripheral_lib.a(stm32f10x_i2c.o)
                0x0000000008002904                I2C_Init
 .text.I2C_Cmd  0x0000000008002a60       0x50 /Users/daymoon/Documents/workspace/stm32f10x_peripheral_lib/Debug/libstm32f10x_peripheral_lib.a(stm32f10x_i2c.o)
                0x0000000008002a60                I2C_Cmd
 .text.I2C_GenerateSTART
                0x0000000008002ab0       0x50 /Users/daymoon/Documents/workspace/stm32f10x_peripheral_lib/Debug/libstm32f10x_peripheral_lib.a(stm32f10x_i2c.o)
                0x0000000008002ab0                I2C_GenerateSTART
 .text.I2C_GenerateSTOP
                0x0000000008002b00       0x50 /Users/daymoon/Documents/workspace/stm32f10x_peripheral_lib/Debug/libstm32f10x_peripheral_lib.a(stm32f10x_i2c.o)
                0x0000000008002b00                I2C_GenerateSTOP
 .text.I2C_AcknowledgeConfig
                0x0000000008002b50       0x50 /Users/daymoon/Documents/workspace/stm32f10x_peripheral_lib/Debug/libstm32f10x_peripheral_lib.a(stm32f10x_i2c.o)
                0x0000000008002b50                I2C_AcknowledgeConfig
 .text.I2C_SendData
                0x0000000008002ba0       0x2c /Users/daymoon/Documents/workspace/stm32f10x_peripheral_lib/Debug/libstm32f10x_peripheral_lib.a(stm32f10x_i2c.o)
                0x0000000008002ba0                I2C_SendData
 .text.I2C_ReceiveData
                0x0000000008002bcc       0x2c /Users/daymoon/Documents/workspace/stm32f10x_peripheral_lib/Debug/libstm32f10x_peripheral_lib.a(stm32f10x_i2c.o)
                0x0000000008002bcc                I2C_ReceiveData
 .text.I2C_Send7bitAddress
                0x0000000008002bf8       0x4c /Users/daymoon/Documents/workspace/stm32f10x_peripheral_lib/Debug/libstm32f10x_peripheral_lib.a(stm32f10x_i2c.o)
                0x0000000008002bf8                I2C_Send7bitAddress
 .text.I2C_CheckEvent
                0x0000000008002c44       0xc0 /Users/daymoon/Documents/workspace/stm32f10x_peripheral_lib/Debug/libstm32f10x_peripheral_lib.a(stm32f10x_i2c.o)
                0x0000000008002c44                I2C_CheckEvent
 .text.I2C_GetFlagStatus
                0x0000000008002d04       0xe8 /Users/daymoon/Documents/workspace/stm32f10x_peripheral_lib/Debug/libstm32f10x_peripheral_lib.a(stm32f10x_i2c.o)
                0x0000000008002d04                I2C_GetFlagStatus
 .text.RCC_GetClocksFreq
                0x0000000008002dec       0x80 /Users/daymoon/Documents/workspace/stm32f10x_peripheral_lib/Debug/libstm32f10x_peripheral_lib.a(stm32f10x_rcc.o)
                0x0000000008002dec                RCC_GetClocksFreq
 .text.RCC_AHBPeriphClockCmd
                0x0000000008002e6c       0x48 /Users/daymoon/Documents/workspace/stm32f10x_peripheral_lib/Debug/libstm32f10x_peripheral_lib.a(stm32f10x_rcc.o)
                0x0000000008002e6c                RCC_AHBPeriphClockCmd
 .text.RCC_APB2PeriphClockCmd
                0x0000000008002eb4       0x48 /Users/daymoon/Documents/workspace/stm32f10x_peripheral_lib/Debug/libstm32f10x_peripheral_lib.a(stm32f10x_rcc.o)
                0x0000000008002eb4                RCC_APB2PeriphClockCmd
 .text.RCC_APB1PeriphClockCmd
                0x0000000008002efc       0x48 /Users/daymoon/Documents/workspace/stm32f10x_peripheral_lib/Debug/libstm32f10x_peripheral_lib.a(stm32f10x_rcc.o)
                0x0000000008002efc                RCC_APB1PeriphClockCmd
 .text.RCC_APB2PeriphResetCmd
                0x0000000008002f44       0x48 /Users/daymoon/Documents/workspace/stm32f10x_peripheral_lib/Debug/libstm32f10x_peripheral_lib.a(stm32f10x_rcc.o)
                0x0000000008002f44                RCC_APB2PeriphResetCmd
 .text.RCC_APB1PeriphResetCmd
                0x0000000008002f8c       0x48 /Users/daymoon/Documents/workspace/stm32f10x_peripheral_lib/Debug/libstm32f10x_peripheral_lib.a(stm32f10x_rcc.o)
                0x0000000008002f8c                RCC_APB1PeriphResetCmd
 .text.SPI_I2S_DeInit
                0x0000000008002fd4       0x70 /Users/daymoon/Documents/workspace/stm32f10x_peripheral_lib/Debug/libstm32f10x_peripheral_lib.a(stm32f10x_spi.o)
                0x0000000008002fd4                SPI_I2S_DeInit
 .text.SPI_Init
                0x0000000008003044      0x104 /Users/daymoon/Documents/workspace/stm32f10x_peripheral_lib/Debug/libstm32f10x_peripheral_lib.a(stm32f10x_spi.o)
                0x0000000008003044                SPI_Init
 .text.SPI_Cmd  0x0000000008003148       0x58 /Users/daymoon/Documents/workspace/stm32f10x_peripheral_lib/Debug/libstm32f10x_peripheral_lib.a(stm32f10x_spi.o)
                0x0000000008003148                SPI_Cmd
 .text.SPI_I2S_ReceiveData
                0x00000000080031a0       0x30 /Users/daymoon/Documents/workspace/stm32f10x_peripheral_lib/Debug/libstm32f10x_peripheral_lib.a(stm32f10x_spi.o)
                0x00000000080031a0                SPI_I2S_ReceiveData
 .text.SPI_I2S_GetFlagStatus
                0x00000000080031d0       0x64 /Users/daymoon/Documents/workspace/stm32f10x_peripheral_lib/Debug/libstm32f10x_peripheral_lib.a(stm32f10x_spi.o)
                0x00000000080031d0                SPI_I2S_GetFlagStatus
 .text.TIM_TimeBaseInit
                0x0000000008003234      0x15c /Users/daymoon/Documents/workspace/stm32f10x_peripheral_lib/Debug/libstm32f10x_peripheral_lib.a(stm32f10x_tim.o)
                0x0000000008003234                TIM_TimeBaseInit
 .text.TIM_OC4Init
                0x0000000008003390      0x100 /Users/daymoon/Documents/workspace/stm32f10x_peripheral_lib/Debug/libstm32f10x_peripheral_lib.a(stm32f10x_tim.o)
                0x0000000008003390                TIM_OC4Init
 .text.TIM_Cmd  0x0000000008003490       0xc4 /Users/daymoon/Documents/workspace/stm32f10x_peripheral_lib/Debug/libstm32f10x_peripheral_lib.a(stm32f10x_tim.o)
                0x0000000008003490                TIM_Cmd
 .text.TIM_CtrlPWMOutputs
                0x0000000008003554       0x68 /Users/daymoon/Documents/workspace/stm32f10x_peripheral_lib/Debug/libstm32f10x_peripheral_lib.a(stm32f10x_tim.o)
                0x0000000008003554                TIM_CtrlPWMOutputs
 .text.TIM_PrescalerConfig
                0x00000000080035bc       0xb4 /Users/daymoon/Documents/workspace/stm32f10x_peripheral_lib/Debug/libstm32f10x_peripheral_lib.a(stm32f10x_tim.o)
                0x00000000080035bc                TIM_PrescalerConfig
 .text.TIM_OC4PreloadConfig
                0x0000000008003670       0x68 /Users/daymoon/Documents/workspace/stm32f10x_peripheral_lib/Debug/libstm32f10x_peripheral_lib.a(stm32f10x_tim.o)
                0x0000000008003670                TIM_OC4PreloadConfig
 .text.__libc_init_array
                0x00000000080036d8       0x48 /Applications/Ac6/SystemWorkbench.app/Contents/Eclipse/plugins/fr.ac6.mcu.externaltools.arm-none.macos64_1.17.0.201812190825/tools/compiler/bin/../lib/gcc/arm-none-eabi/7.3.1/../../../../arm-none-eabi/lib/thumb/v7-m/libc.a(lib_a-init.o)
                0x00000000080036d8                __libc_init_array
 .text.startup.register_fini
                0x0000000008003720       0x14 /Applications/Ac6/SystemWorkbench.app/Contents/Eclipse/plugins/fr.ac6.mcu.externaltools.arm-none.macos64_1.17.0.201812190825/tools/compiler/bin/../lib/gcc/arm-none-eabi/7.3.1/../../../../arm-none-eabi/lib/thumb/v7-m/libc.a(lib_a-__call_atexit.o)
 .text.atexit   0x0000000008003734        0xc /Applications/Ac6/SystemWorkbench.app/Contents/Eclipse/plugins/fr.ac6.mcu.externaltools.arm-none.macos64_1.17.0.201812190825/tools/compiler/bin/../lib/gcc/arm-none-eabi/7.3.1/../../../../arm-none-eabi/lib/thumb/v7-m/libc.a(lib_a-atexit.o)
                0x0000000008003734                atexit
 .text.__libc_fini_array
                0x0000000008003740       0x34 /Applications/Ac6/SystemWorkbench.app/Contents/Eclipse/plugins/fr.ac6.mcu.externaltools.arm-none.macos64_1.17.0.201812190825/tools/compiler/bin/../lib/gcc/arm-none-eabi/7.3.1/../../../../arm-none-eabi/lib/thumb/v7-m/libc.a(lib_a-fini.o)
                0x0000000008003740                __libc_fini_array
 .text.__retarget_lock_acquire_recursive
                0x0000000008003774        0x4 /Applications/Ac6/SystemWorkbench.app/Contents/Eclipse/plugins/fr.ac6.mcu.externaltools.arm-none.macos64_1.17.0.201812190825/tools/compiler/bin/../lib/gcc/arm-none-eabi/7.3.1/../../../../arm-none-eabi/lib/thumb/v7-m/libc.a(lib_a-lock.o)
                0x0000000008003774                __retarget_lock_acquire_recursive
 .text.__retarget_lock_release_recursive
                0x0000000008003778        0x4 /Applications/Ac6/SystemWorkbench.app/Contents/Eclipse/plugins/fr.ac6.mcu.externaltools.arm-none.macos64_1.17.0.201812190825/tools/compiler/bin/../lib/gcc/arm-none-eabi/7.3.1/../../../../arm-none-eabi/lib/thumb/v7-m/libc.a(lib_a-lock.o)
                0x0000000008003778                __retarget_lock_release_recursive
 .text.__register_exitproc
                0x000000000800377c       0xc0 /Applications/Ac6/SystemWorkbench.app/Contents/Eclipse/plugins/fr.ac6.mcu.externaltools.arm-none.macos64_1.17.0.201812190825/tools/compiler/bin/../lib/gcc/arm-none-eabi/7.3.1/../../../../arm-none-eabi/lib/thumb/v7-m/libc.a(lib_a-__atexit.o)
                0x000000000800377c                __register_exitproc
 *(.glue_7)
 .glue_7        0x000000000800383c        0x0 linker stubs
 *(.glue_7t)
 .glue_7t       0x000000000800383c        0x0 linker stubs
 *(.eh_frame)
 .eh_frame      0x000000000800383c        0x0 /Applications/Ac6/SystemWorkbench.app/Contents/Eclipse/plugins/fr.ac6.mcu.externaltools.arm-none.macos64_1.17.0.201812190825/tools/compiler/bin/../lib/gcc/arm-none-eabi/7.3.1/thumb/v7-m/crtbegin.o
 *(.init)
 .init          0x000000000800383c        0x4 /Applications/Ac6/SystemWorkbench.app/Contents/Eclipse/plugins/fr.ac6.mcu.externaltools.arm-none.macos64_1.17.0.201812190825/tools/compiler/bin/../lib/gcc/arm-none-eabi/7.3.1/thumb/v7-m/crti.o
                0x000000000800383c                _init
 .init          0x0000000008003840        0x8 /Applications/Ac6/SystemWorkbench.app/Contents/Eclipse/plugins/fr.ac6.mcu.externaltools.arm-none.macos64_1.17.0.201812190825/tools/compiler/bin/../lib/gcc/arm-none-eabi/7.3.1/thumb/v7-m/crtn.o
 *(.fini)
 .fini          0x0000000008003848        0x4 /Applications/Ac6/SystemWorkbench.app/Contents/Eclipse/plugins/fr.ac6.mcu.externaltools.arm-none.macos64_1.17.0.201812190825/tools/compiler/bin/../lib/gcc/arm-none-eabi/7.3.1/thumb/v7-m/crti.o
                0x0000000008003848                _fini
 .fini          0x000000000800384c        0x8 /Applications/Ac6/SystemWorkbench.app/Contents/Eclipse/plugins/fr.ac6.mcu.externaltools.arm-none.macos64_1.17.0.201812190825/tools/compiler/bin/../lib/gcc/arm-none-eabi/7.3.1/thumb/v7-m/crtn.o
                0x0000000008003854                . = ALIGN (0x4)
                0x0000000008003854                _etext = .

.vfp11_veneer   0x0000000008003854        0x0
 .vfp11_veneer  0x0000000008003854        0x0 linker stubs

.v4_bx          0x0000000008003854        0x0
 .v4_bx         0x0000000008003854        0x0 linker stubs

.iplt           0x0000000008003854        0x0
 .iplt          0x0000000008003854        0x0 /Applications/Ac6/SystemWorkbench.app/Contents/Eclipse/plugins/fr.ac6.mcu.externaltools.arm-none.macos64_1.17.0.201812190825/tools/compiler/bin/../lib/gcc/arm-none-eabi/7.3.1/thumb/v7-m/crtbegin.o

.rodata         0x0000000008003854      0x324
                0x0000000008003854                . = ALIGN (0x4)
 *(.rodata)
 .rodata        0x0000000008003854      0x1b6 src/ov7670.o
 *(.rodata*)
 .rodata.str1.1
                0x0000000008003a0a       0x3c /Users/daymoon/Documents/workspace/stm32f10x_peripheral_lib/Debug/libstm32f10x_peripheral_lib.a(stm32f10x_dma.o)
 .rodata.str1.1
                0x0000000008003a46       0x3d /Users/daymoon/Documents/workspace/stm32f10x_peripheral_lib/Debug/libstm32f10x_peripheral_lib.a(stm32f10x_gpio.o)
 .rodata.str1.1
                0x0000000008003a83       0x3c /Users/daymoon/Documents/workspace/stm32f10x_peripheral_lib/Debug/libstm32f10x_peripheral_lib.a(stm32f10x_i2c.o)
 .rodata.str1.1
                0x0000000008003abf       0x3c /Users/daymoon/Documents/workspace/stm32f10x_peripheral_lib/Debug/libstm32f10x_peripheral_lib.a(stm32f10x_rcc.o)
 .rodata.str1.1
                0x0000000008003afb       0x3c /Users/daymoon/Documents/workspace/stm32f10x_peripheral_lib/Debug/libstm32f10x_peripheral_lib.a(stm32f10x_spi.o)
 .rodata.str1.1
                0x0000000008003b37       0x3c /Users/daymoon/Documents/workspace/stm32f10x_peripheral_lib/Debug/libstm32f10x_peripheral_lib.a(stm32f10x_tim.o)
 *fill*         0x0000000008003b73        0x1 
 .rodata._global_impure_ptr
                0x0000000008003b74        0x4 /Applications/Ac6/SystemWorkbench.app/Contents/Eclipse/plugins/fr.ac6.mcu.externaltools.arm-none.macos64_1.17.0.201812190825/tools/compiler/bin/../lib/gcc/arm-none-eabi/7.3.1/../../../../arm-none-eabi/lib/thumb/v7-m/libc.a(lib_a-impure.o)
                0x0000000008003b74                _global_impure_ptr
                0x0000000008003b78                . = ALIGN (0x4)

.rel.dyn        0x0000000008003b78        0x0
 .rel.iplt      0x0000000008003b78        0x0 /Applications/Ac6/SystemWorkbench.app/Contents/Eclipse/plugins/fr.ac6.mcu.externaltools.arm-none.macos64_1.17.0.201812190825/tools/compiler/bin/../lib/gcc/arm-none-eabi/7.3.1/thumb/v7-m/crtbegin.o

.ARM.extab      0x0000000008003b78        0x0
                0x0000000008003b78                . = ALIGN (0x4)
 *(.ARM.extab* .gnu.linkonce.armextab.*)
                0x0000000008003b78                . = ALIGN (0x4)

.ARM            0x0000000008003b78        0x0
                0x0000000008003b78                . = ALIGN (0x4)
                0x0000000008003b78                __exidx_start = .
 *(.ARM.exidx*)
                0x0000000008003b78                __exidx_end = .
                0x0000000008003b78                . = ALIGN (0x4)

.preinit_array  0x0000000008003b78        0x0
                0x0000000008003b78                . = ALIGN (0x4)
                0x0000000008003b78                PROVIDE (__preinit_array_start = .)
 *(.preinit_array*)
                0x0000000008003b78                PROVIDE (__preinit_array_end = .)
                0x0000000008003b78                . = ALIGN (0x4)

.init_array     0x0000000008003b78        0x8
                0x0000000008003b78                . = ALIGN (0x4)
                0x0000000008003b78                PROVIDE (__init_array_start = .)
 *(SORT_BY_NAME(.init_array.*))
 .init_array.00000
                0x0000000008003b78        0x4 /Applications/Ac6/SystemWorkbench.app/Contents/Eclipse/plugins/fr.ac6.mcu.externaltools.arm-none.macos64_1.17.0.201812190825/tools/compiler/bin/../lib/gcc/arm-none-eabi/7.3.1/../../../../arm-none-eabi/lib/thumb/v7-m/libc.a(lib_a-__call_atexit.o)
 *(.init_array*)
 .init_array    0x0000000008003b7c        0x4 /Applications/Ac6/SystemWorkbench.app/Contents/Eclipse/plugins/fr.ac6.mcu.externaltools.arm-none.macos64_1.17.0.201812190825/tools/compiler/bin/../lib/gcc/arm-none-eabi/7.3.1/thumb/v7-m/crtbegin.o
                0x0000000008003b80                PROVIDE (__init_array_end = .)
                0x0000000008003b80                . = ALIGN (0x4)

.fini_array     0x0000000008003b80        0x4
                0x0000000008003b80                . = ALIGN (0x4)
                0x0000000008003b80                PROVIDE (__fini_array_start = .)
 *(SORT_BY_NAME(.fini_array.*))
 *(.fini_array*)
 .fini_array    0x0000000008003b80        0x4 /Applications/Ac6/SystemWorkbench.app/Contents/Eclipse/plugins/fr.ac6.mcu.externaltools.arm-none.macos64_1.17.0.201812190825/tools/compiler/bin/../lib/gcc/arm-none-eabi/7.3.1/thumb/v7-m/crtbegin.o
                0x0000000008003b84                PROVIDE (__fini_array_end = .)
                0x0000000008003b84                . = ALIGN (0x4)
                0x0000000008003b84                _sidata = LOADADDR (.data)

.data           0x0000000020000000      0x454 load address 0x0000000008003b84
                0x0000000020000000                . = ALIGN (0x4)
                0x0000000020000000                _sdata = .
 *(.data)
 .data          0x0000000020000000       0x14 src/system_stm32f10x.o
                0x0000000020000000                AHBPrescTable
                0x0000000020000010                SystemCoreClock
 .data          0x0000000020000014       0x14 /Users/daymoon/Documents/workspace/stm32f10x_peripheral_lib/Debug/libstm32f10x_peripheral_lib.a(stm32f10x_rcc.o)
 *(.data*)
 .data.impure_data
                0x0000000020000028      0x428 /Applications/Ac6/SystemWorkbench.app/Contents/Eclipse/plugins/fr.ac6.mcu.externaltools.arm-none.macos64_1.17.0.201812190825/tools/compiler/bin/../lib/gcc/arm-none-eabi/7.3.1/../../../../arm-none-eabi/lib/thumb/v7-m/libc.a(lib_a-impure.o)
 .data.__atexit_recursive_mutex
                0x0000000020000450        0x4 /Applications/Ac6/SystemWorkbench.app/Contents/Eclipse/plugins/fr.ac6.mcu.externaltools.arm-none.macos64_1.17.0.201812190825/tools/compiler/bin/../lib/gcc/arm-none-eabi/7.3.1/../../../../arm-none-eabi/lib/thumb/v7-m/libc.a(lib_a-__call_atexit.o)
                0x0000000020000450                __atexit_recursive_mutex
                0x0000000020000454                . = ALIGN (0x4)
                0x0000000020000454                _edata = .

.igot.plt       0x0000000020000454        0x0 load address 0x0000000008003fd8
 .igot.plt      0x0000000020000454        0x0 /Applications/Ac6/SystemWorkbench.app/Contents/Eclipse/plugins/fr.ac6.mcu.externaltools.arm-none.macos64_1.17.0.201812190825/tools/compiler/bin/../lib/gcc/arm-none-eabi/7.3.1/thumb/v7-m/crtbegin.o
                0x0000000020000454                . = ALIGN (0x4)

.bss            0x0000000020000454      0x42c load address 0x0000000008003fd8
                0x0000000020000454                _sbss = .
                0x0000000020000454                __bss_start__ = _sbss
 *(.bss)
 .bss           0x0000000020000454       0x1c /Applications/Ac6/SystemWorkbench.app/Contents/Eclipse/plugins/fr.ac6.mcu.externaltools.arm-none.macos64_1.17.0.201812190825/tools/compiler/bin/../lib/gcc/arm-none-eabi/7.3.1/thumb/v7-m/crtbegin.o
 .bss           0x0000000020000470        0x1 src/camera.o
 .bss           0x0000000020000471        0x1 src/delay.o
 *fill*         0x0000000020000472        0x2 
 .bss           0x0000000020000474      0x168 src/scheduler.o
 *(.bss*)
 *(COMMON)
 COMMON         0x00000000200005dc      0x280 src/camera.o
                0x00000000200005dc                rowdata
 COMMON         0x000000002000085c       0x21 /Applications/Ac6/SystemWorkbench.app/Contents/Eclipse/plugins/fr.ac6.mcu.externaltools.arm-none.macos64_1.17.0.201812190825/tools/compiler/bin/../lib/gcc/arm-none-eabi/7.3.1/../../../../arm-none-eabi/lib/thumb/v7-m/libc.a(lib_a-lock.o)
                0x000000002000085c                __lock___atexit_recursive_mutex
                0x0000000020000860                __lock___arc4random_mutex
                0x0000000020000864                __lock___env_recursive_mutex
                0x0000000020000868                __lock___sinit_recursive_mutex
                0x000000002000086c                __lock___malloc_recursive_mutex
                0x0000000020000870                __lock___at_quick_exit_mutex
                0x0000000020000874                __lock___dd_hash_mutex
                0x0000000020000878                __lock___tz_mutex
                0x000000002000087c                __lock___sfp_recursive_mutex
                0x0000000020000880                . = ALIGN (0x4)
 *fill*         0x000000002000087d        0x3 
                0x0000000020000880                _ebss = .
                0x0000000020000880                __bss_end__ = _ebss

._user_heap_stack
                0x0000000020000880      0x400 load address 0x0000000008003fd8
                0x0000000020000880                . = ALIGN (0x8)
                0x0000000020000880                PROVIDE (end = .)
                [!provide]                        PROVIDE (_end = .)
                0x0000000020000880                . = (. + _Min_Heap_Size)
                0x0000000020000c80                . = (. + _Min_Stack_Size)
 *fill*         0x0000000020000880      0x400 
                0x0000000020000c80                . = ALIGN (0x8)

/DISCARD/
 libc.a(*)
 libm.a(*)
 libgcc.a(*)

.ARM.attributes
                0x0000000000000000       0x29
 *(.ARM.attributes)
 .ARM.attributes
                0x0000000000000000       0x1d /Applications/Ac6/SystemWorkbench.app/Contents/Eclipse/plugins/fr.ac6.mcu.externaltools.arm-none.macos64_1.17.0.201812190825/tools/compiler/bin/../lib/gcc/arm-none-eabi/7.3.1/thumb/v7-m/crti.o
 .ARM.attributes
                0x000000000000001d       0x2d /Applications/Ac6/SystemWorkbench.app/Contents/Eclipse/plugins/fr.ac6.mcu.externaltools.arm-none.macos64_1.17.0.201812190825/tools/compiler/bin/../lib/gcc/arm-none-eabi/7.3.1/thumb/v7-m/crtbegin.o
 .ARM.attributes
                0x000000000000004a       0x33 src/camera.o
 .ARM.attributes
                0x000000000000007d       0x33 src/delay.o
 .ARM.attributes
                0x00000000000000b0       0x33 src/gpio.o
 .ARM.attributes
                0x00000000000000e3       0x33 src/i2c.o
 .ARM.attributes
                0x0000000000000116       0x33 src/ili9341.o
 .ARM.attributes
                0x0000000000000149       0x33 src/leds.o
 .ARM.attributes
                0x000000000000017c       0x33 src/main.o
 .ARM.attributes
                0x00000000000001af       0x33 src/mcuperipherals.o
 .ARM.attributes
                0x00000000000001e2       0x33 src/ov7670.o
 .ARM.attributes
                0x0000000000000215       0x33 src/scheduler.o
 .ARM.attributes
                0x0000000000000248       0x33 src/services.o
 .ARM.attributes
                0x000000000000027b       0x33 src/spi.o
 .ARM.attributes
                0x00000000000002ae       0x33 src/stm32f10x_it.o
 .ARM.attributes
                0x00000000000002e1       0x33 src/system_stm32f10x.o
 .ARM.attributes
                0x0000000000000314       0x33 src/timer.o
 .ARM.attributes
                0x0000000000000347       0x21 startup/startup_stm32.o
 .ARM.attributes
                0x0000000000000368       0x33 /Users/daymoon/Documents/workspace/stm32f10x_peripheral_lib/Debug/libstm32f10x_peripheral_lib.a(stm32f10x_dma.o)
 .ARM.attributes
                0x000000000000039b       0x33 /Users/daymoon/Documents/workspace/stm32f10x_peripheral_lib/Debug/libstm32f10x_peripheral_lib.a(stm32f10x_gpio.o)
 .ARM.attributes
                0x00000000000003ce       0x33 /Users/daymoon/Documents/workspace/stm32f10x_peripheral_lib/Debug/libstm32f10x_peripheral_lib.a(stm32f10x_i2c.o)
 .ARM.attributes
                0x0000000000000401       0x33 /Users/daymoon/Documents/workspace/stm32f10x_peripheral_lib/Debug/libstm32f10x_peripheral_lib.a(stm32f10x_rcc.o)
 .ARM.attributes
                0x0000000000000434       0x33 /Users/daymoon/Documents/workspace/stm32f10x_peripheral_lib/Debug/libstm32f10x_peripheral_lib.a(stm32f10x_spi.o)
 .ARM.attributes
                0x0000000000000467       0x33 /Users/daymoon/Documents/workspace/stm32f10x_peripheral_lib/Debug/libstm32f10x_peripheral_lib.a(stm32f10x_tim.o)
 .ARM.attributes
                0x000000000000049a       0x2d /Applications/Ac6/SystemWorkbench.app/Contents/Eclipse/plugins/fr.ac6.mcu.externaltools.arm-none.macos64_1.17.0.201812190825/tools/compiler/bin/../lib/gcc/arm-none-eabi/7.3.1/../../../../arm-none-eabi/lib/thumb/v7-m/libc.a(lib_a-impure.o)
 .ARM.attributes
                0x00000000000004c7       0x2d /Applications/Ac6/SystemWorkbench.app/Contents/Eclipse/plugins/fr.ac6.mcu.externaltools.arm-none.macos64_1.17.0.201812190825/tools/compiler/bin/../lib/gcc/arm-none-eabi/7.3.1/../../../../arm-none-eabi/lib/thumb/v7-m/libc.a(lib_a-init.o)
 .ARM.attributes
                0x00000000000004f4       0x2d /Applications/Ac6/SystemWorkbench.app/Contents/Eclipse/plugins/fr.ac6.mcu.externaltools.arm-none.macos64_1.17.0.201812190825/tools/compiler/bin/../lib/gcc/arm-none-eabi/7.3.1/../../../../arm-none-eabi/lib/thumb/v7-m/libc.a(lib_a-__call_atexit.o)
 .ARM.attributes
                0x0000000000000521       0x2d /Applications/Ac6/SystemWorkbench.app/Contents/Eclipse/plugins/fr.ac6.mcu.externaltools.arm-none.macos64_1.17.0.201812190825/tools/compiler/bin/../lib/gcc/arm-none-eabi/7.3.1/../../../../arm-none-eabi/lib/thumb/v7-m/libc.a(lib_a-atexit.o)
 .ARM.attributes
                0x000000000000054e       0x2d /Applications/Ac6/SystemWorkbench.app/Contents/Eclipse/plugins/fr.ac6.mcu.externaltools.arm-none.macos64_1.17.0.201812190825/tools/compiler/bin/../lib/gcc/arm-none-eabi/7.3.1/../../../../arm-none-eabi/lib/thumb/v7-m/libc.a(lib_a-fini.o)
 .ARM.attributes
                0x000000000000057b       0x2d /Applications/Ac6/SystemWorkbench.app/Contents/Eclipse/plugins/fr.ac6.mcu.externaltools.arm-none.macos64_1.17.0.201812190825/tools/compiler/bin/../lib/gcc/arm-none-eabi/7.3.1/../../../../arm-none-eabi/lib/thumb/v7-m/libc.a(lib_a-lock.o)
 .ARM.attributes
                0x00000000000005a8       0x2d /Applications/Ac6/SystemWorkbench.app/Contents/Eclipse/plugins/fr.ac6.mcu.externaltools.arm-none.macos64_1.17.0.201812190825/tools/compiler/bin/../lib/gcc/arm-none-eabi/7.3.1/../../../../arm-none-eabi/lib/thumb/v7-m/libc.a(lib_a-__atexit.o)
 .ARM.attributes
                0x00000000000005d5       0x1d /Applications/Ac6/SystemWorkbench.app/Contents/Eclipse/plugins/fr.ac6.mcu.externaltools.arm-none.macos64_1.17.0.201812190825/tools/compiler/bin/../lib/gcc/arm-none-eabi/7.3.1/thumb/v7-m/crtn.o
OUTPUT(Bluepill.elf elf32-littlearm)

.debug_info     0x0000000000000000    0x175be
 .debug_info    0x0000000000000000      0xbe8 src/camera.o
 .debug_info    0x0000000000000be8      0x19d src/delay.o
 .debug_info    0x0000000000000d85      0x315 src/gpio.o
 .debug_info    0x000000000000109a      0xd13 src/i2c.o
 .debug_info    0x0000000000001dad     0xb6a0 src/ili9341.o
 .debug_info    0x000000000000d44d       0xd9 src/leds.o
 .debug_info    0x000000000000d526      0x194 src/main.o
 .debug_info    0x000000000000d6ba      0x108 src/mcuperipherals.o
 .debug_info    0x000000000000d7c2      0x5d4 src/ov7670.o
 .debug_info    0x000000000000dd96      0x7fa src/scheduler.o
 .debug_info    0x000000000000e590      0x256 src/services.o
 .debug_info    0x000000000000e7e6      0x67d src/spi.o
 .debug_info    0x000000000000ee63      0x13c src/stm32f10x_it.o
 .debug_info    0x000000000000ef9f      0x474 src/system_stm32f10x.o
 .debug_info    0x000000000000f413      0x8df src/timer.o
 .debug_info    0x000000000000fcf2       0x22 startup/startup_stm32.o
 .debug_info    0x000000000000fd14      0x708 /Users/daymoon/Documents/workspace/stm32f10x_peripheral_lib/Debug/libstm32f10x_peripheral_lib.a(stm32f10x_dma.o)
 .debug_info    0x000000000001041c      0xb45 /Users/daymoon/Documents/workspace/stm32f10x_peripheral_lib/Debug/libstm32f10x_peripheral_lib.a(stm32f10x_gpio.o)
 .debug_info    0x0000000000010f61     0x12bf /Users/daymoon/Documents/workspace/stm32f10x_peripheral_lib/Debug/libstm32f10x_peripheral_lib.a(stm32f10x_i2c.o)
 .debug_info    0x0000000000012220      0xc8d /Users/daymoon/Documents/workspace/stm32f10x_peripheral_lib/Debug/libstm32f10x_peripheral_lib.a(stm32f10x_rcc.o)
 .debug_info    0x0000000000012ead      0xf8f /Users/daymoon/Documents/workspace/stm32f10x_peripheral_lib/Debug/libstm32f10x_peripheral_lib.a(stm32f10x_spi.o)
 .debug_info    0x0000000000013e3c     0x3782 /Users/daymoon/Documents/workspace/stm32f10x_peripheral_lib/Debug/libstm32f10x_peripheral_lib.a(stm32f10x_tim.o)

.debug_abbrev   0x0000000000000000     0x265d
 .debug_abbrev  0x0000000000000000      0x281 src/camera.o
 .debug_abbrev  0x0000000000000281      0x143 src/delay.o
 .debug_abbrev  0x00000000000003c4      0x14d src/gpio.o
 .debug_abbrev  0x0000000000000511      0x22a src/i2c.o
 .debug_abbrev  0x000000000000073b      0x40f src/ili9341.o
 .debug_abbrev  0x0000000000000b4a       0xa8 src/leds.o
 .debug_abbrev  0x0000000000000bf2       0xcd src/main.o
 .debug_abbrev  0x0000000000000cbf       0xa7 src/mcuperipherals.o
 .debug_abbrev  0x0000000000000d66      0x1f6 src/ov7670.o
 .debug_abbrev  0x0000000000000f5c      0x2e5 src/scheduler.o
 .debug_abbrev  0x0000000000001241      0x166 src/services.o
 .debug_abbrev  0x00000000000013a7      0x1cd src/spi.o
 .debug_abbrev  0x0000000000001574       0xe4 src/stm32f10x_it.o
 .debug_abbrev  0x0000000000001658      0x1bc src/system_stm32f10x.o
 .debug_abbrev  0x0000000000001814      0x1c1 src/timer.o
 .debug_abbrev  0x00000000000019d5       0x12 startup/startup_stm32.o
 .debug_abbrev  0x00000000000019e7      0x1b3 /Users/daymoon/Documents/workspace/stm32f10x_peripheral_lib/Debug/libstm32f10x_peripheral_lib.a(stm32f10x_dma.o)
 .debug_abbrev  0x0000000000001b9a      0x235 /Users/daymoon/Documents/workspace/stm32f10x_peripheral_lib/Debug/libstm32f10x_peripheral_lib.a(stm32f10x_gpio.o)
 .debug_abbrev  0x0000000000001dcf      0x1ff /Users/daymoon/Documents/workspace/stm32f10x_peripheral_lib/Debug/libstm32f10x_peripheral_lib.a(stm32f10x_i2c.o)
 .debug_abbrev  0x0000000000001fce      0x20b /Users/daymoon/Documents/workspace/stm32f10x_peripheral_lib/Debug/libstm32f10x_peripheral_lib.a(stm32f10x_rcc.o)
 .debug_abbrev  0x00000000000021d9      0x200 /Users/daymoon/Documents/workspace/stm32f10x_peripheral_lib/Debug/libstm32f10x_peripheral_lib.a(stm32f10x_spi.o)
 .debug_abbrev  0x00000000000023d9      0x284 /Users/daymoon/Documents/workspace/stm32f10x_peripheral_lib/Debug/libstm32f10x_peripheral_lib.a(stm32f10x_tim.o)

.debug_loc      0x0000000000000000     0x7fa1
 .debug_loc     0x0000000000000000       0xbb src/camera.o
 .debug_loc     0x00000000000000bb       0x35 src/delay.o
 .debug_loc     0x00000000000000f0      0x2c8 src/i2c.o
 .debug_loc     0x00000000000003b8     0x1e87 src/ili9341.o
 .debug_loc     0x000000000000223f      0x2e6 src/ov7670.o
 .debug_loc     0x0000000000002525      0x155 src/scheduler.o
 .debug_loc     0x000000000000267a       0x13 src/services.o
 .debug_loc     0x000000000000268d       0xa6 src/spi.o
 .debug_loc     0x0000000000002733       0xbc src/system_stm32f10x.o
 .debug_loc     0x00000000000027ef      0x3d0 /Users/daymoon/Documents/workspace/stm32f10x_peripheral_lib/Debug/libstm32f10x_peripheral_lib.a(stm32f10x_dma.o)
 .debug_loc     0x0000000000002bbf      0x8f6 /Users/daymoon/Documents/workspace/stm32f10x_peripheral_lib/Debug/libstm32f10x_peripheral_lib.a(stm32f10x_gpio.o)
 .debug_loc     0x00000000000034b5      0xd1b /Users/daymoon/Documents/workspace/stm32f10x_peripheral_lib/Debug/libstm32f10x_peripheral_lib.a(stm32f10x_i2c.o)
 .debug_loc     0x00000000000041d0      0x9a6 /Users/daymoon/Documents/workspace/stm32f10x_peripheral_lib/Debug/libstm32f10x_peripheral_lib.a(stm32f10x_rcc.o)
 .debug_loc     0x0000000000004b76      0x950 /Users/daymoon/Documents/workspace/stm32f10x_peripheral_lib/Debug/libstm32f10x_peripheral_lib.a(stm32f10x_spi.o)
 .debug_loc     0x00000000000054c6     0x2adb /Users/daymoon/Documents/workspace/stm32f10x_peripheral_lib/Debug/libstm32f10x_peripheral_lib.a(stm32f10x_tim.o)

.debug_aranges  0x0000000000000000      0xaf0
 .debug_aranges
                0x0000000000000000       0x40 src/camera.o
 .debug_aranges
                0x0000000000000040       0x28 src/delay.o
 .debug_aranges
                0x0000000000000068       0x20 src/gpio.o
 .debug_aranges
                0x0000000000000088       0x58 src/i2c.o
 .debug_aranges
                0x00000000000000e0       0xc8 src/ili9341.o
 .debug_aranges
                0x00000000000001a8       0x20 src/leds.o
 .debug_aranges
                0x00000000000001c8       0x28 src/main.o
 .debug_aranges
                0x00000000000001f0       0x20 src/mcuperipherals.o
 .debug_aranges
                0x0000000000000210       0x38 src/ov7670.o
 .debug_aranges
                0x0000000000000248       0x58 src/scheduler.o
 .debug_aranges
                0x00000000000002a0       0x38 src/services.o
 .debug_aranges
                0x00000000000002d8       0x40 src/spi.o
 .debug_aranges
                0x0000000000000318       0x48 src/stm32f10x_it.o
 .debug_aranges
                0x0000000000000360       0x28 src/system_stm32f10x.o
 .debug_aranges
                0x0000000000000388       0x40 src/timer.o
 .debug_aranges
                0x00000000000003c8       0x28 startup/startup_stm32.o
 .debug_aranges
                0x00000000000003f0       0x70 /Users/daymoon/Documents/workspace/stm32f10x_peripheral_lib/Debug/libstm32f10x_peripheral_lib.a(stm32f10x_dma.o)
 .debug_aranges
                0x0000000000000460       0xa8 /Users/daymoon/Documents/workspace/stm32f10x_peripheral_lib/Debug/libstm32f10x_peripheral_lib.a(stm32f10x_gpio.o)
 .debug_aranges
                0x0000000000000508      0x120 /Users/daymoon/Documents/workspace/stm32f10x_peripheral_lib/Debug/libstm32f10x_peripheral_lib.a(stm32f10x_i2c.o)
 .debug_aranges
                0x0000000000000628      0x118 /Users/daymoon/Documents/workspace/stm32f10x_peripheral_lib/Debug/libstm32f10x_peripheral_lib.a(stm32f10x_rcc.o)
 .debug_aranges
                0x0000000000000740       0xd0 /Users/daymoon/Documents/workspace/stm32f10x_peripheral_lib/Debug/libstm32f10x_peripheral_lib.a(stm32f10x_spi.o)
 .debug_aranges
                0x0000000000000810      0x2e0 /Users/daymoon/Documents/workspace/stm32f10x_peripheral_lib/Debug/libstm32f10x_peripheral_lib.a(stm32f10x_tim.o)

.debug_ranges   0x0000000000000000     0x1258
 .debug_ranges  0x0000000000000000       0x30 src/camera.o
 .debug_ranges  0x0000000000000030       0x38 src/delay.o
 .debug_ranges  0x0000000000000068       0x10 src/gpio.o
 .debug_ranges  0x0000000000000078       0x60 src/i2c.o
 .debug_ranges  0x00000000000000d8      0x7d8 src/ili9341.o
 .debug_ranges  0x00000000000008b0       0x10 src/leds.o
 .debug_ranges  0x00000000000008c0       0x18 src/main.o
 .debug_ranges  0x00000000000008d8       0x10 src/mcuperipherals.o
 .debug_ranges  0x00000000000008e8       0x50 src/ov7670.o
 .debug_ranges  0x0000000000000938       0xb0 src/scheduler.o
 .debug_ranges  0x00000000000009e8       0x28 src/services.o
 .debug_ranges  0x0000000000000a10       0x68 src/spi.o
 .debug_ranges  0x0000000000000a78       0x38 src/stm32f10x_it.o
 .debug_ranges  0x0000000000000ab0       0x40 src/system_stm32f10x.o
 .debug_ranges  0x0000000000000af0       0x48 src/timer.o
 .debug_ranges  0x0000000000000b38       0x20 startup/startup_stm32.o
 .debug_ranges  0x0000000000000b58       0x60 /Users/daymoon/Documents/workspace/stm32f10x_peripheral_lib/Debug/libstm32f10x_peripheral_lib.a(stm32f10x_dma.o)
 .debug_ranges  0x0000000000000bb8       0x98 /Users/daymoon/Documents/workspace/stm32f10x_peripheral_lib/Debug/libstm32f10x_peripheral_lib.a(stm32f10x_gpio.o)
 .debug_ranges  0x0000000000000c50      0x110 /Users/daymoon/Documents/workspace/stm32f10x_peripheral_lib/Debug/libstm32f10x_peripheral_lib.a(stm32f10x_i2c.o)
 .debug_ranges  0x0000000000000d60      0x108 /Users/daymoon/Documents/workspace/stm32f10x_peripheral_lib/Debug/libstm32f10x_peripheral_lib.a(stm32f10x_rcc.o)
 .debug_ranges  0x0000000000000e68       0xc0 /Users/daymoon/Documents/workspace/stm32f10x_peripheral_lib/Debug/libstm32f10x_peripheral_lib.a(stm32f10x_spi.o)
 .debug_ranges  0x0000000000000f28      0x330 /Users/daymoon/Documents/workspace/stm32f10x_peripheral_lib/Debug/libstm32f10x_peripheral_lib.a(stm32f10x_tim.o)

.debug_macro    0x0000000000000000    0x12304
 .debug_macro   0x0000000000000000      0x1fa src/camera.o
 .debug_macro   0x00000000000001fa      0xa66 src/camera.o
 .debug_macro   0x0000000000000c60       0x5c src/camera.o
 .debug_macro   0x0000000000000cbc       0x22 src/camera.o
 .debug_macro   0x0000000000000cde       0x22 src/camera.o
 .debug_macro   0x0000000000000d00       0x8e src/camera.o
 .debug_macro   0x0000000000000d8e       0x51 src/camera.o
 .debug_macro   0x0000000000000ddf       0xef src/camera.o
 .debug_macro   0x0000000000000ece       0x6a src/camera.o
 .debug_macro   0x0000000000000f38      0x1df src/camera.o
 .debug_macro   0x0000000000001117      0x69f src/camera.o
 .debug_macro   0x00000000000017b6     0x7dbe src/camera.o
 .debug_macro   0x0000000000009574      0x2df src/camera.o
 .debug_macro   0x0000000000009853      0x144 src/camera.o
 .debug_macro   0x0000000000009997      0x3cf src/camera.o
 .debug_macro   0x0000000000009d66       0xc8 src/camera.o
 .debug_macro   0x0000000000009e2e      0x17a src/camera.o
 .debug_macro   0x0000000000009fa8       0xac src/camera.o
 .debug_macro   0x000000000000a054      0x3ad src/camera.o
 .debug_macro   0x000000000000a401       0x9a src/camera.o
 .debug_macro   0x000000000000a49b      0x2cf src/camera.o
 .debug_macro   0x000000000000a76a      0x279 src/camera.o
 .debug_macro   0x000000000000a9e3      0x2ac src/camera.o
 .debug_macro   0x000000000000ac8f      0x2b1 src/camera.o
 .debug_macro   0x000000000000af40       0x64 src/camera.o
 .debug_macro   0x000000000000afa4       0x82 src/camera.o
 .debug_macro   0x000000000000b026      0x3e2 src/camera.o
 .debug_macro   0x000000000000b408       0x58 src/camera.o
 .debug_macro   0x000000000000b460      0x341 src/camera.o
 .debug_macro   0x000000000000b7a1      0x2c4 src/camera.o
 .debug_macro   0x000000000000ba65      0x711 src/camera.o
 .debug_macro   0x000000000000c176      0x220 src/camera.o
 .debug_macro   0x000000000000c396       0x34 src/camera.o
 .debug_macro   0x000000000000c3ca       0x10 src/camera.o
 .debug_macro   0x000000000000c3da       0x35 src/camera.o
 .debug_macro   0x000000000000c40f       0x64 src/camera.o
 .debug_macro   0x000000000000c473      0x3a2 src/camera.o
 .debug_macro   0x000000000000c815       0xe3 src/camera.o
 .debug_macro   0x000000000000c8f8      0x13c src/camera.o
 .debug_macro   0x000000000000ca34       0x16 src/camera.o
 .debug_macro   0x000000000000ca4a       0x22 src/camera.o
 .debug_macro   0x000000000000ca6c       0x10 src/camera.o
 .debug_macro   0x000000000000ca7c      0x202 src/camera.o
 .debug_macro   0x000000000000cc7e       0x16 src/camera.o
 .debug_macro   0x000000000000cc94      0x1cc src/delay.o
 .debug_macro   0x000000000000ce60       0x10 src/delay.o
 .debug_macro   0x000000000000ce70       0xdd src/delay.o
 .debug_macro   0x000000000000cf4d      0x19a src/gpio.o
 .debug_macro   0x000000000000d0e7       0x8b src/gpio.o
 .debug_macro   0x000000000000d172      0x1b2 src/i2c.o
 .debug_macro   0x000000000000d324       0x10 src/i2c.o
 .debug_macro   0x000000000000d334      0x3a8 src/i2c.o
 .debug_macro   0x000000000000d6dc      0x2f0 src/ili9341.o
 .debug_macro   0x000000000000d9cc      0x1fc src/ili9341.o
 .debug_macro   0x000000000000dbc8       0x18 src/ili9341.o
 .debug_macro   0x000000000000dbe0       0x5e src/ili9341.o
 .debug_macro   0x000000000000dc3e       0x35 src/ili9341.o
 .debug_macro   0x000000000000dc73       0x34 src/ili9341.o
 .debug_macro   0x000000000000dca7       0x16 src/ili9341.o
 .debug_macro   0x000000000000dcbd      0x10e src/ili9341.o
 .debug_macro   0x000000000000ddcb       0x8d src/ili9341.o
 .debug_macro   0x000000000000de58       0x58 src/ili9341.o
 .debug_macro   0x000000000000deb0       0x1f src/ili9341.o
 .debug_macro   0x000000000000decf       0x43 src/ili9341.o
 .debug_macro   0x000000000000df12       0x20 src/ili9341.o
 .debug_macro   0x000000000000df32      0x18e src/ili9341.o
 .debug_macro   0x000000000000e0c0      0x330 src/ili9341.o
 .debug_macro   0x000000000000e3f0       0x16 src/ili9341.o
 .debug_macro   0x000000000000e406       0x29 src/ili9341.o
 .debug_macro   0x000000000000e42f       0x16 src/ili9341.o
 .debug_macro   0x000000000000e445       0x35 src/ili9341.o
 .debug_macro   0x000000000000e47a      0x1c6 src/leds.o
 .debug_macro   0x000000000000e640      0x1f1 src/main.o
 .debug_macro   0x000000000000e831      0x1b7 src/mcuperipherals.o
 .debug_macro   0x000000000000e9e8       0x16 src/mcuperipherals.o
 .debug_macro   0x000000000000e9fe      0x1e2 src/ov7670.o
 .debug_macro   0x000000000000ebe0      0x189 src/scheduler.o
 .debug_macro   0x000000000000ed69       0x22 src/scheduler.o
 .debug_macro   0x000000000000ed8b      0x1c2 src/services.o
 .debug_macro   0x000000000000ef4d      0x1a0 src/spi.o
 .debug_macro   0x000000000000f0ed      0x184 src/stm32f10x_it.o
 .debug_macro   0x000000000000f271      0x17e src/system_stm32f10x.o
 .debug_macro   0x000000000000f3ef      0x1b2 src/timer.o
 .debug_macro   0x000000000000f5a1       0x10 src/timer.o
 .debug_macro   0x000000000000f5b1      0x1dc /Users/daymoon/Documents/workspace/stm32f10x_peripheral_lib/Debug/libstm32f10x_peripheral_lib.a(stm32f10x_dma.o)
 .debug_macro   0x000000000000f78d      0xa6c /Users/daymoon/Documents/workspace/stm32f10x_peripheral_lib/Debug/libstm32f10x_peripheral_lib.a(stm32f10x_dma.o)
 .debug_macro   0x00000000000101f9       0x10 /Users/daymoon/Documents/workspace/stm32f10x_peripheral_lib/Debug/libstm32f10x_peripheral_lib.a(stm32f10x_dma.o)
 .debug_macro   0x0000000000010209      0x3a7 /Users/daymoon/Documents/workspace/stm32f10x_peripheral_lib/Debug/libstm32f10x_peripheral_lib.a(stm32f10x_dma.o)
 .debug_macro   0x00000000000105b0      0x1d6 /Users/daymoon/Documents/workspace/stm32f10x_peripheral_lib/Debug/libstm32f10x_peripheral_lib.a(stm32f10x_gpio.o)
 .debug_macro   0x0000000000010786      0x2a6 /Users/daymoon/Documents/workspace/stm32f10x_peripheral_lib/Debug/libstm32f10x_peripheral_lib.a(stm32f10x_gpio.o)
 .debug_macro   0x0000000000010a2c      0x25a /Users/daymoon/Documents/workspace/stm32f10x_peripheral_lib/Debug/libstm32f10x_peripheral_lib.a(stm32f10x_i2c.o)
 .debug_macro   0x0000000000010c86      0x2ab /Users/daymoon/Documents/workspace/stm32f10x_peripheral_lib/Debug/libstm32f10x_peripheral_lib.a(stm32f10x_i2c.o)
 .debug_macro   0x0000000000010f31      0x2a0 /Users/daymoon/Documents/workspace/stm32f10x_peripheral_lib/Debug/libstm32f10x_peripheral_lib.a(stm32f10x_rcc.o)
 .debug_macro   0x00000000000111d1      0x3dc /Users/daymoon/Documents/workspace/stm32f10x_peripheral_lib/Debug/libstm32f10x_peripheral_lib.a(stm32f10x_rcc.o)
 .debug_macro   0x00000000000115ad      0x1ee /Users/daymoon/Documents/workspace/stm32f10x_peripheral_lib/Debug/libstm32f10x_peripheral_lib.a(stm32f10x_spi.o)
 .debug_macro   0x000000000001179b      0x2be /Users/daymoon/Documents/workspace/stm32f10x_peripheral_lib/Debug/libstm32f10x_peripheral_lib.a(stm32f10x_spi.o)
 .debug_macro   0x0000000000011a59      0x1a0 /Users/daymoon/Documents/workspace/stm32f10x_peripheral_lib/Debug/libstm32f10x_peripheral_lib.a(stm32f10x_tim.o)
 .debug_macro   0x0000000000011bf9      0x70b /Users/daymoon/Documents/workspace/stm32f10x_peripheral_lib/Debug/libstm32f10x_peripheral_lib.a(stm32f10x_tim.o)

.debug_line     0x0000000000000000     0xe340
 .debug_line    0x0000000000000000      0x846 src/camera.o
 .debug_line    0x0000000000000846      0x70f src/delay.o
 .debug_line    0x0000000000000f55      0x6e4 src/gpio.o
 .debug_line    0x0000000000001639      0x7ee src/i2c.o
 .debug_line    0x0000000000001e27     0x170b src/ili9341.o
 .debug_line    0x0000000000003532      0x6e8 src/leds.o
 .debug_line    0x0000000000003c1a      0x73d src/main.o
 .debug_line    0x0000000000004357      0x6ff src/mcuperipherals.o
 .debug_line    0x0000000000004a56      0x7b1 src/ov7670.o
 .debug_line    0x0000000000005207      0x809 src/scheduler.o
 .debug_line    0x0000000000005a10      0x729 src/services.o
 .debug_line    0x0000000000006139      0x76b src/spi.o
 .debug_line    0x00000000000068a4      0x714 src/stm32f10x_it.o
 .debug_line    0x0000000000006fb8      0x721 src/system_stm32f10x.o
 .debug_line    0x00000000000076d9      0x785 src/timer.o
 .debug_line    0x0000000000007e5e       0x7c startup/startup_stm32.o
 .debug_line    0x0000000000007eda      0xaf4 /Users/daymoon/Documents/workspace/stm32f10x_peripheral_lib/Debug/libstm32f10x_peripheral_lib.a(stm32f10x_dma.o)
 .debug_line    0x00000000000089ce      0xbfc /Users/daymoon/Documents/workspace/stm32f10x_peripheral_lib/Debug/libstm32f10x_peripheral_lib.a(stm32f10x_gpio.o)
 .debug_line    0x00000000000095ca      0xdca /Users/daymoon/Documents/workspace/stm32f10x_peripheral_lib/Debug/libstm32f10x_peripheral_lib.a(stm32f10x_i2c.o)
 .debug_line    0x000000000000a394      0xb6f /Users/daymoon/Documents/workspace/stm32f10x_peripheral_lib/Debug/libstm32f10x_peripheral_lib.a(stm32f10x_rcc.o)
 .debug_line    0x000000000000af03      0xbdd /Users/daymoon/Documents/workspace/stm32f10x_peripheral_lib/Debug/libstm32f10x_peripheral_lib.a(stm32f10x_spi.o)
 .debug_line    0x000000000000bae0     0x2860 /Users/daymoon/Documents/workspace/stm32f10x_peripheral_lib/Debug/libstm32f10x_peripheral_lib.a(stm32f10x_tim.o)

.debug_str      0x0000000000000000    0x55b08
 .debug_str     0x0000000000000000    0x4e9d1 src/camera.o
                                      0x4eb50 (size before relaxing)
 .debug_str     0x000000000004e9d1       0x7f src/delay.o
                                      0x4d2f7 (size before relaxing)
 .debug_str     0x000000000004ea50      0x579 src/gpio.o
                                      0x4d835 (size before relaxing)
 .debug_str     0x000000000004efc9      0x17b src/i2c.o
                                      0x4e234 (size before relaxing)
 .debug_str     0x000000000004f144     0x3130 src/ili9341.o
                                      0x50c26 (size before relaxing)
 .debug_str     0x0000000000052274       0x1a src/leds.o
                                      0x4d270 (size before relaxing)
 .debug_str     0x000000000005228e       0x70 src/main.o
                                      0x4e6ac (size before relaxing)
 .debug_str     0x00000000000522fe       0x61 src/mcuperipherals.o
                                      0x4d235 (size before relaxing)
 .debug_str     0x000000000005235f       0xb6 src/ov7670.o
                                      0x4e0cd (size before relaxing)
 .debug_str     0x0000000000052415      0x4e7 src/scheduler.o
                                      0x4d331 (size before relaxing)
 .debug_str     0x00000000000528fc       0x94 src/services.o
                                      0x4d331 (size before relaxing)
 .debug_str     0x0000000000052990      0x10a src/spi.o
                                      0x4db4c (size before relaxing)
 .debug_str     0x0000000000052a9a       0xb8 src/stm32f10x_it.o
                                      0x4ce4d (size before relaxing)
 .debug_str     0x0000000000052b52      0x10f src/system_stm32f10x.o
                                      0x4cef4 (size before relaxing)
 .debug_str     0x0000000000052c61      0x294 src/timer.o
                                      0x4e303 (size before relaxing)
 .debug_str     0x0000000000052ef5       0x29 startup/startup_stm32.o
                                         0x5b (size before relaxing)
 .debug_str     0x0000000000052f1e      0x6fe /Users/daymoon/Documents/workspace/stm32f10x_peripheral_lib/Debug/libstm32f10x_peripheral_lib.a(stm32f10x_dma.o)
                                      0x4d981 (size before relaxing)
 .debug_str     0x000000000005361c      0x478 /Users/daymoon/Documents/workspace/stm32f10x_peripheral_lib/Debug/libstm32f10x_peripheral_lib.a(stm32f10x_gpio.o)
                                      0x4d856 (size before relaxing)
 .debug_str     0x0000000000053a94      0x7be /Users/daymoon/Documents/workspace/stm32f10x_peripheral_lib/Debug/libstm32f10x_peripheral_lib.a(stm32f10x_i2c.o)
                                      0x4dc0a (size before relaxing)
 .debug_str     0x0000000000054252      0xa08 /Users/daymoon/Documents/workspace/stm32f10x_peripheral_lib/Debug/libstm32f10x_peripheral_lib.a(stm32f10x_rcc.o)
                                      0x4de25 (size before relaxing)
 .debug_str     0x0000000000054c5a      0x4bc /Users/daymoon/Documents/workspace/stm32f10x_peripheral_lib/Debug/libstm32f10x_peripheral_lib.a(stm32f10x_spi.o)
                                      0x4d97f (size before relaxing)
 .debug_str     0x0000000000055116      0x9f2 /Users/daymoon/Documents/workspace/stm32f10x_peripheral_lib/Debug/libstm32f10x_peripheral_lib.a(stm32f10x_tim.o)
                                      0x4df71 (size before relaxing)

.comment        0x0000000000000000       0x7f
 .comment       0x0000000000000000       0x7f src/camera.o
                                         0x80 (size before relaxing)
 .comment       0x000000000000007f       0x80 src/delay.o
 .comment       0x000000000000007f       0x80 src/gpio.o
 .comment       0x000000000000007f       0x80 src/i2c.o
 .comment       0x000000000000007f       0x80 src/ili9341.o
 .comment       0x000000000000007f       0x80 src/leds.o
 .comment       0x000000000000007f       0x80 src/main.o
 .comment       0x000000000000007f       0x80 src/mcuperipherals.o
 .comment       0x000000000000007f       0x80 src/ov7670.o
 .comment       0x000000000000007f       0x80 src/scheduler.o
 .comment       0x000000000000007f       0x80 src/services.o
 .comment       0x000000000000007f       0x80 src/spi.o
 .comment       0x000000000000007f       0x80 src/stm32f10x_it.o
 .comment       0x000000000000007f       0x80 src/system_stm32f10x.o
 .comment       0x000000000000007f       0x80 src/timer.o
 .comment       0x000000000000007f       0x80 /Users/daymoon/Documents/workspace/stm32f10x_peripheral_lib/Debug/libstm32f10x_peripheral_lib.a(stm32f10x_dma.o)
 .comment       0x000000000000007f       0x80 /Users/daymoon/Documents/workspace/stm32f10x_peripheral_lib/Debug/libstm32f10x_peripheral_lib.a(stm32f10x_gpio.o)
 .comment       0x000000000000007f       0x80 /Users/daymoon/Documents/workspace/stm32f10x_peripheral_lib/Debug/libstm32f10x_peripheral_lib.a(stm32f10x_i2c.o)
 .comment       0x000000000000007f       0x80 /Users/daymoon/Documents/workspace/stm32f10x_peripheral_lib/Debug/libstm32f10x_peripheral_lib.a(stm32f10x_rcc.o)
 .comment       0x000000000000007f       0x80 /Users/daymoon/Documents/workspace/stm32f10x_peripheral_lib/Debug/libstm32f10x_peripheral_lib.a(stm32f10x_spi.o)
 .comment       0x000000000000007f       0x80 /Users/daymoon/Documents/workspace/stm32f10x_peripheral_lib/Debug/libstm32f10x_peripheral_lib.a(stm32f10x_tim.o)

.debug_frame    0x0000000000000000     0x21e0
 .debug_frame   0x0000000000000000       0x9c src/camera.o
 .debug_frame   0x000000000000009c       0x38 src/delay.o
 .debug_frame   0x00000000000000d4       0x34 src/gpio.o
 .debug_frame   0x0000000000000108      0x10c src/i2c.o
 .debug_frame   0x0000000000000214      0x310 src/ili9341.o
 .debug_frame   0x0000000000000524       0x20 src/leds.o
 .debug_frame   0x0000000000000544       0x38 src/main.o
 .debug_frame   0x000000000000057c       0x2c src/mcuperipherals.o
 .debug_frame   0x00000000000005a8       0xac src/ov7670.o
 .debug_frame   0x0000000000000654       0xd8 src/scheduler.o
 .debug_frame   0x000000000000072c       0x70 src/services.o
 .debug_frame   0x000000000000079c       0x80 src/spi.o
 .debug_frame   0x000000000000081c       0xa0 src/stm32f10x_it.o
 .debug_frame   0x00000000000008bc       0x48 src/system_stm32f10x.o
 .debug_frame   0x0000000000000904       0xa0 src/timer.o
 .debug_frame   0x00000000000009a4      0x124 /Users/daymoon/Documents/workspace/stm32f10x_peripheral_lib/Debug/libstm32f10x_peripheral_lib.a(stm32f10x_dma.o)
 .debug_frame   0x0000000000000ac8      0x1fc /Users/daymoon/Documents/workspace/stm32f10x_peripheral_lib/Debug/libstm32f10x_peripheral_lib.a(stm32f10x_gpio.o)
 .debug_frame   0x0000000000000cc4      0x3a8 /Users/daymoon/Documents/workspace/stm32f10x_peripheral_lib/Debug/libstm32f10x_peripheral_lib.a(stm32f10x_i2c.o)
 .debug_frame   0x000000000000106c      0x314 /Users/daymoon/Documents/workspace/stm32f10x_peripheral_lib/Debug/libstm32f10x_peripheral_lib.a(stm32f10x_rcc.o)
 .debug_frame   0x0000000000001380      0x290 /Users/daymoon/Documents/workspace/stm32f10x_peripheral_lib/Debug/libstm32f10x_peripheral_lib.a(stm32f10x_spi.o)
 .debug_frame   0x0000000000001610      0xa10 /Users/daymoon/Documents/workspace/stm32f10x_peripheral_lib/Debug/libstm32f10x_peripheral_lib.a(stm32f10x_tim.o)
 .debug_frame   0x0000000000002020       0x2c /Applications/Ac6/SystemWorkbench.app/Contents/Eclipse/plugins/fr.ac6.mcu.externaltools.arm-none.macos64_1.17.0.201812190825/tools/compiler/bin/../lib/gcc/arm-none-eabi/7.3.1/../../../../arm-none-eabi/lib/thumb/v7-m/libc.a(lib_a-init.o)
 .debug_frame   0x000000000000204c       0x5c /Applications/Ac6/SystemWorkbench.app/Contents/Eclipse/plugins/fr.ac6.mcu.externaltools.arm-none.macos64_1.17.0.201812190825/tools/compiler/bin/../lib/gcc/arm-none-eabi/7.3.1/../../../../arm-none-eabi/lib/thumb/v7-m/libc.a(lib_a-__call_atexit.o)
 .debug_frame   0x00000000000020a8       0x20 /Applications/Ac6/SystemWorkbench.app/Contents/Eclipse/plugins/fr.ac6.mcu.externaltools.arm-none.macos64_1.17.0.201812190825/tools/compiler/bin/../lib/gcc/arm-none-eabi/7.3.1/../../../../arm-none-eabi/lib/thumb/v7-m/libc.a(lib_a-atexit.o)
 .debug_frame   0x00000000000020c8       0x34 /Applications/Ac6/SystemWorkbench.app/Contents/Eclipse/plugins/fr.ac6.mcu.externaltools.arm-none.macos64_1.17.0.201812190825/tools/compiler/bin/../lib/gcc/arm-none-eabi/7.3.1/../../../../arm-none-eabi/lib/thumb/v7-m/libc.a(lib_a-fini.o)
 .debug_frame   0x00000000000020fc       0xb0 /Applications/Ac6/SystemWorkbench.app/Contents/Eclipse/plugins/fr.ac6.mcu.externaltools.arm-none.macos64_1.17.0.201812190825/tools/compiler/bin/../lib/gcc/arm-none-eabi/7.3.1/../../../../arm-none-eabi/lib/thumb/v7-m/libc.a(lib_a-lock.o)
 .debug_frame   0x00000000000021ac       0x34 /Applications/Ac6/SystemWorkbench.app/Contents/Eclipse/plugins/fr.ac6.mcu.externaltools.arm-none.macos64_1.17.0.201812190825/tools/compiler/bin/../lib/gcc/arm-none-eabi/7.3.1/../../../../arm-none-eabi/lib/thumb/v7-m/libc.a(lib_a-__atexit.o)
